Archive member included to satisfy reference by file (symbol)

/Applications/STM32CubeIDE.app/Contents/Eclipse/plugins/com.st.stm32cube.ide.mcu.externaltools.gnu-tools-for-stm32.7-2018-q2-update.macos64_1.4.0.202007081208/tools/bin/../lib/gcc/arm-none-eabi/7.3.1/../../../../arm-none-eabi/lib/thumb/v7e-m/fpv4-sp/hard/libc_nano.a(lib_a-errno.o)
                              Core/Src/syscalls.o (__errno)
/Applications/STM32CubeIDE.app/Contents/Eclipse/plugins/com.st.stm32cube.ide.mcu.externaltools.gnu-tools-for-stm32.7-2018-q2-update.macos64_1.4.0.202007081208/tools/bin/../lib/gcc/arm-none-eabi/7.3.1/../../../../arm-none-eabi/lib/thumb/v7e-m/fpv4-sp/hard/libc_nano.a(lib_a-exit.o)
                              /Applications/STM32CubeIDE.app/Contents/Eclipse/plugins/com.st.stm32cube.ide.mcu.externaltools.gnu-tools-for-stm32.7-2018-q2-update.macos64_1.4.0.202007081208/tools/bin/../lib/gcc/arm-none-eabi/7.3.1/../../../../arm-none-eabi/lib/thumb/v7e-m/fpv4-sp/hard/crt0.o (exit)
/Applications/STM32CubeIDE.app/Contents/Eclipse/plugins/com.st.stm32cube.ide.mcu.externaltools.gnu-tools-for-stm32.7-2018-q2-update.macos64_1.4.0.202007081208/tools/bin/../lib/gcc/arm-none-eabi/7.3.1/../../../../arm-none-eabi/lib/thumb/v7e-m/fpv4-sp/hard/libc_nano.a(lib_a-impure.o)
                              /Applications/STM32CubeIDE.app/Contents/Eclipse/plugins/com.st.stm32cube.ide.mcu.externaltools.gnu-tools-for-stm32.7-2018-q2-update.macos64_1.4.0.202007081208/tools/bin/../lib/gcc/arm-none-eabi/7.3.1/../../../../arm-none-eabi/lib/thumb/v7e-m/fpv4-sp/hard/libc_nano.a(lib_a-exit.o) (_global_impure_ptr)
/Applications/STM32CubeIDE.app/Contents/Eclipse/plugins/com.st.stm32cube.ide.mcu.externaltools.gnu-tools-for-stm32.7-2018-q2-update.macos64_1.4.0.202007081208/tools/bin/../lib/gcc/arm-none-eabi/7.3.1/../../../../arm-none-eabi/lib/thumb/v7e-m/fpv4-sp/hard/libc_nano.a(lib_a-init.o)
                              /Applications/STM32CubeIDE.app/Contents/Eclipse/plugins/com.st.stm32cube.ide.mcu.externaltools.gnu-tools-for-stm32.7-2018-q2-update.macos64_1.4.0.202007081208/tools/bin/../lib/gcc/arm-none-eabi/7.3.1/../../../../arm-none-eabi/lib/thumb/v7e-m/fpv4-sp/hard/crt0.o (__libc_init_array)
/Applications/STM32CubeIDE.app/Contents/Eclipse/plugins/com.st.stm32cube.ide.mcu.externaltools.gnu-tools-for-stm32.7-2018-q2-update.macos64_1.4.0.202007081208/tools/bin/../lib/gcc/arm-none-eabi/7.3.1/../../../../arm-none-eabi/lib/thumb/v7e-m/fpv4-sp/hard/libc_nano.a(lib_a-memset.o)
                              /Applications/STM32CubeIDE.app/Contents/Eclipse/plugins/com.st.stm32cube.ide.mcu.externaltools.gnu-tools-for-stm32.7-2018-q2-update.macos64_1.4.0.202007081208/tools/bin/../lib/gcc/arm-none-eabi/7.3.1/../../../../arm-none-eabi/lib/thumb/v7e-m/fpv4-sp/hard/crt0.o (memset)
/Applications/STM32CubeIDE.app/Contents/Eclipse/plugins/com.st.stm32cube.ide.mcu.externaltools.gnu-tools-for-stm32.7-2018-q2-update.macos64_1.4.0.202007081208/tools/bin/../lib/gcc/arm-none-eabi/7.3.1/thumb/v7e-m/fpv4-sp/hard/libgcc.a(_aeabi_uldivmod.o)
                              Drivers/STM32F4xx_HAL_Driver/Src/stm32f4xx_hal_rcc.o (__aeabi_uldivmod)
/Applications/STM32CubeIDE.app/Contents/Eclipse/plugins/com.st.stm32cube.ide.mcu.externaltools.gnu-tools-for-stm32.7-2018-q2-update.macos64_1.4.0.202007081208/tools/bin/../lib/gcc/arm-none-eabi/7.3.1/thumb/v7e-m/fpv4-sp/hard/libgcc.a(_udivmoddi4.o)
                              /Applications/STM32CubeIDE.app/Contents/Eclipse/plugins/com.st.stm32cube.ide.mcu.externaltools.gnu-tools-for-stm32.7-2018-q2-update.macos64_1.4.0.202007081208/tools/bin/../lib/gcc/arm-none-eabi/7.3.1/thumb/v7e-m/fpv4-sp/hard/libgcc.a(_aeabi_uldivmod.o) (__udivmoddi4)
/Applications/STM32CubeIDE.app/Contents/Eclipse/plugins/com.st.stm32cube.ide.mcu.externaltools.gnu-tools-for-stm32.7-2018-q2-update.macos64_1.4.0.202007081208/tools/bin/../lib/gcc/arm-none-eabi/7.3.1/thumb/v7e-m/fpv4-sp/hard/libgcc.a(_dvmd_tls.o)
                              /Applications/STM32CubeIDE.app/Contents/Eclipse/plugins/com.st.stm32cube.ide.mcu.externaltools.gnu-tools-for-stm32.7-2018-q2-update.macos64_1.4.0.202007081208/tools/bin/../lib/gcc/arm-none-eabi/7.3.1/thumb/v7e-m/fpv4-sp/hard/libgcc.a(_aeabi_uldivmod.o) (__aeabi_ldiv0)

Allocating common symbols
Common symbol       size              file

uwTick              0x4               Drivers/STM32F4xx_HAL_Driver/Src/stm32f4xx_hal.o
pFlash              0x20              Drivers/STM32F4xx_HAL_Driver/Src/stm32f4xx_hal_flash.o
hi2s2               0x48              Core/Src/i2s.o

Discarded input sections

 .text          0x0000000000000000        0x0 /Applications/STM32CubeIDE.app/Contents/Eclipse/plugins/com.st.stm32cube.ide.mcu.externaltools.gnu-tools-for-stm32.7-2018-q2-update.macos64_1.4.0.202007081208/tools/bin/../lib/gcc/arm-none-eabi/7.3.1/thumb/v7e-m/fpv4-sp/hard/crti.o
[...]
Memory Configuration

Name             Origin             Length             Attributes
RAM              0x0000000020000000 0x0000000000010000 xrw
FLASH            0x0000000008000000 0x0000000000040000 xr
*default*        0x0000000000000000 0xffffffffffffffff

Linker script and memory map

LOAD /Applications/STM32CubeIDE.app/Contents/Eclipse/plugins/com.st.stm32cube.ide.mcu.externaltools.gnu-tools-for-stm32.7-2018-q2-update.macos64_1.4.0.202007081208/tools/bin/../lib/gcc/arm-none-eabi/7.3.1/thumb/v7e-m/fpv4-sp/hard/crti.o
LOAD /Applications/STM32CubeIDE.app/Contents/Eclipse/plugins/com.st.stm32cube.ide.mcu.externaltools.gnu-tools-for-stm32.7-2018-q2-update.macos64_1.4.0.202007081208/tools/bin/../lib/gcc/arm-none-eabi/7.3.1/thumb/v7e-m/fpv4-sp/hard/crtbegin.o
LOAD /Applications/STM32CubeIDE.app/Contents/Eclipse/plugins/com.st.stm32cube.ide.mcu.externaltools.gnu-tools-for-stm32.7-2018-q2-update.macos64_1.4.0.202007081208/tools/bin/../lib/gcc/arm-none-eabi/7.3.1/../../../../arm-none-eabi/lib/thumb/v7e-m/fpv4-sp/hard/crt0.o
LOAD Core/Src/gpio.o
LOAD Core/Src/i2s.o
LOAD Core/Src/main.o
LOAD Core/Src/stm32f4xx_hal_msp.o
LOAD Core/Src/stm32f4xx_it.o
LOAD Core/Src/syscalls.o
LOAD Core/Src/sysmem.o
LOAD Core/Src/system_stm32f4xx.o
LOAD Core/Startup/startup_stm32f401ccux.o
LOAD Drivers/STM32F4xx_HAL_Driver/Src/stm32f4xx_hal.o
LOAD Drivers/STM32F4xx_HAL_Driver/Src/stm32f4xx_hal_cortex.o
LOAD Drivers/STM32F4xx_HAL_Driver/Src/stm32f4xx_hal_dma.o
LOAD Drivers/STM32F4xx_HAL_Driver/Src/stm32f4xx_hal_dma_ex.o
LOAD Drivers/STM32F4xx_HAL_Driver/Src/stm32f4xx_hal_exti.o
LOAD Drivers/STM32F4xx_HAL_Driver/Src/stm32f4xx_hal_flash.o
LOAD Drivers/STM32F4xx_HAL_Driver/Src/stm32f4xx_hal_flash_ex.o
LOAD Drivers/STM32F4xx_HAL_Driver/Src/stm32f4xx_hal_flash_ramfunc.o
LOAD Drivers/STM32F4xx_HAL_Driver/Src/stm32f4xx_hal_gpio.o
LOAD Drivers/STM32F4xx_HAL_Driver/Src/stm32f4xx_hal_i2s.o
LOAD Drivers/STM32F4xx_HAL_Driver/Src/stm32f4xx_hal_i2s_ex.o
LOAD Drivers/STM32F4xx_HAL_Driver/Src/stm32f4xx_hal_pwr.o
LOAD Drivers/STM32F4xx_HAL_Driver/Src/stm32f4xx_hal_pwr_ex.o
LOAD Drivers/STM32F4xx_HAL_Driver/Src/stm32f4xx_hal_rcc.o
LOAD Drivers/STM32F4xx_HAL_Driver/Src/stm32f4xx_hal_rcc_ex.o
LOAD Drivers/STM32F4xx_HAL_Driver/Src/stm32f4xx_hal_tim.o
LOAD Drivers/STM32F4xx_HAL_Driver/Src/stm32f4xx_hal_tim_ex.o
START GROUP
LOAD /Applications/STM32CubeIDE.app/Contents/Eclipse/plugins/com.st.stm32cube.ide.mcu.externaltools.gnu-tools-for-stm32.7-2018-q2-update.macos64_1.4.0.202007081208/tools/bin/../lib/gcc/arm-none-eabi/7.3.1/../../../../arm-none-eabi/lib/thumb/v7e-m/fpv4-sp/hard/libstdc++_nano.a
LOAD /Applications/STM32CubeIDE.app/Contents/Eclipse/plugins/com.st.stm32cube.ide.mcu.externaltools.gnu-tools-for-stm32.7-2018-q2-update.macos64_1.4.0.202007081208/tools/bin/../lib/gcc/arm-none-eabi/7.3.1/../../../../arm-none-eabi/lib/thumb/v7e-m/fpv4-sp/hard/libsupc++_nano.a
END GROUP
LOAD /Applications/STM32CubeIDE.app/Contents/Eclipse/plugins/com.st.stm32cube.ide.mcu.externaltools.gnu-tools-for-stm32.7-2018-q2-update.macos64_1.4.0.202007081208/tools/bin/../lib/gcc/arm-none-eabi/7.3.1/../../../../arm-none-eabi/lib/thumb/v7e-m/fpv4-sp/hard/libstdc++_nano.a
LOAD /Applications/STM32CubeIDE.app/Contents/Eclipse/plugins/com.st.stm32cube.ide.mcu.externaltools.gnu-tools-for-stm32.7-2018-q2-update.macos64_1.4.0.202007081208/tools/bin/../lib/gcc/arm-none-eabi/7.3.1/../../../../arm-none-eabi/lib/thumb/v7e-m/fpv4-sp/hard/libm.a
LOAD /Applications/STM32CubeIDE.app/Contents/Eclipse/plugins/com.st.stm32cube.ide.mcu.externaltools.gnu-tools-for-stm32.7-2018-q2-update.macos64_1.4.0.202007081208/tools/bin/../lib/gcc/arm-none-eabi/7.3.1/../../../../arm-none-eabi/lib/thumb/v7e-m/fpv4-sp/hard/libc_nano.a
START GROUP
LOAD /Applications/STM32CubeIDE.app/Contents/Eclipse/plugins/com.st.stm32cube.ide.mcu.externaltools.gnu-tools-for-stm32.7-2018-q2-update.macos64_1.4.0.202007081208/tools/bin/../lib/gcc/arm-none-eabi/7.3.1/thumb/v7e-m/fpv4-sp/hard/libgcc.a
LOAD /Applications/STM32CubeIDE.app/Contents/Eclipse/plugins/com.st.stm32cube.ide.mcu.externaltools.gnu-tools-for-stm32.7-2018-q2-update.macos64_1.4.0.202007081208/tools/bin/../lib/gcc/arm-none-eabi/7.3.1/../../../../arm-none-eabi/lib/thumb/v7e-m/fpv4-sp/hard/libc_nano.a
END GROUP
START GROUP
LOAD /Applications/STM32CubeIDE.app/Contents/Eclipse/plugins/com.st.stm32cube.ide.mcu.externaltools.gnu-tools-for-stm32.7-2018-q2-update.macos64_1.4.0.202007081208/tools/bin/../lib/gcc/arm-none-eabi/7.3.1/thumb/v7e-m/fpv4-sp/hard/libgcc.a
LOAD /Applications/STM32CubeIDE.app/Contents/Eclipse/plugins/com.st.stm32cube.ide.mcu.externaltools.gnu-tools-for-stm32.7-2018-q2-update.macos64_1.4.0.202007081208/tools/bin/../lib/gcc/arm-none-eabi/7.3.1/../../../../arm-none-eabi/lib/thumb/v7e-m/fpv4-sp/hard/libc_nano.a
LOAD /Applications/STM32CubeIDE.app/Contents/Eclipse/plugins/com.st.stm32cube.ide.mcu.externaltools.gnu-tools-for-stm32.7-2018-q2-update.macos64_1.4.0.202007081208/tools/bin/../lib/gcc/arm-none-eabi/7.3.1/../../../../arm-none-eabi/lib/thumb/v7e-m/fpv4-sp/hard/libnosys.a
END GROUP
START GROUP
LOAD /Applications/STM32CubeIDE.app/Contents/Eclipse/plugins/com.st.stm32cube.ide.mcu.externaltools.gnu-tools-for-stm32.7-2018-q2-update.macos64_1.4.0.202007081208/tools/bin/../lib/gcc/arm-none-eabi/7.3.1/thumb/v7e-m/fpv4-sp/hard/libgcc.a
LOAD /Applications/STM32CubeIDE.app/Contents/Eclipse/plugins/com.st.stm32cube.ide.mcu.externaltools.gnu-tools-for-stm32.7-2018-q2-update.macos64_1.4.0.202007081208/tools/bin/../lib/gcc/arm-none-eabi/7.3.1/../../../../arm-none-eabi/lib/thumb/v7e-m/fpv4-sp/hard/libc_nano.a
LOAD /Applications/STM32CubeIDE.app/Contents/Eclipse/plugins/com.st.stm32cube.ide.mcu.externaltools.gnu-tools-for-stm32.7-2018-q2-update.macos64_1.4.0.202007081208/tools/bin/../lib/gcc/arm-none-eabi/7.3.1/../../../../arm-none-eabi/lib/thumb/v7e-m/fpv4-sp/hard/libnosys.a
END GROUP
LOAD /Applications/STM32CubeIDE.app/Contents/Eclipse/plugins/com.st.stm32cube.ide.mcu.externaltools.gnu-tools-for-stm32.7-2018-q2-update.macos64_1.4.0.202007081208/tools/bin/../lib/gcc/arm-none-eabi/7.3.1/thumb/v7e-m/fpv4-sp/hard/crtend.o
LOAD /Applications/STM32CubeIDE.app/Contents/Eclipse/plugins/com.st.stm32cube.ide.mcu.externaltools.gnu-tools-for-stm32.7-2018-q2-update.macos64_1.4.0.202007081208/tools/bin/../lib/gcc/arm-none-eabi/7.3.1/thumb/v7e-m/fpv4-sp/hard/crtn.o
                0x0000000020010000                _estack = (ORIGIN (RAM) + LENGTH (RAM))
                0x0000000000000200                _Min_Heap_Size = 0x200
                0x0000000000000400                _Min_Stack_Size = 0x400

.isr_vector     0x0000000008000000      0x194
                0x0000000008000000                . = ALIGN (0x4)
 *(.isr_vector)
 .isr_vector    0x0000000008000000      0x194 Core/Startup/startup_stm32f401ccux.o
                0x0000000008000000                g_pfnVectors
                0x0000000008000194                . = ALIGN (0x4)

.text           0x0000000008000194     0x2384
                0x0000000008000194                . = ALIGN (0x4)
 *(.text)
 .text          0x0000000008000194       0x40 /Applications/STM32CubeIDE.app/Contents/Eclipse/plugins/com.st.stm32cube.ide.mcu.externaltools.gnu-tools-for-stm32.7-2018-q2-update.macos64_1.4.0.202007081208/tools/bin/../lib/gcc/arm-none-eabi/7.3.1/thumb/v7e-m/fpv4-sp/hard/crtbegin.o
 .text          0x00000000080001d4       0x30 /Applications/STM32CubeIDE.app/Contents/Eclipse/plugins/com.st.stm32cube.ide.mcu.externaltools.gnu-tools-for-stm32.7-2018-q2-update.macos64_1.4.0.202007081208/tools/bin/../lib/gcc/arm-none-eabi/7.3.1/thumb/v7e-m/fpv4-sp/hard/libgcc.a(_aeabi_uldivmod.o)
                0x00000000080001d4                __aeabi_uldivmod
 .text          0x0000000008000204      0x2cc /Applications/STM32CubeIDE.app/Contents/Eclipse/plugins/com.st.stm32cube.ide.mcu.externaltools.gnu-tools-for-stm32.7-2018-q2-update.macos64_1.4.0.202007081208/tools/bin/../lib/gcc/arm-none-eabi/7.3.1/thumb/v7e-m/fpv4-sp/hard/libgcc.a(_udivmoddi4.o)
                0x0000000008000204                __udivmoddi4
 .text          0x00000000080004d0        0x4 /Applications/STM32CubeIDE.app/Contents/Eclipse/plugins/com.st.stm32cube.ide.mcu.externaltools.gnu-tools-for-stm32.7-2018-q2-update.macos64_1.4.0.202007081208/tools/bin/../lib/gcc/arm-none-eabi/7.3.1/thumb/v7e-m/fpv4-sp/hard/libgcc.a(_dvmd_tls.o)
                0x00000000080004d0                __aeabi_ldiv0
                0x00000000080004d0                __aeabi_idiv0
 *(.text*)
 .text.MX_GPIO_Init
                0x00000000080004d4       0x6c Core/Src/gpio.o
                0x00000000080004d4                MX_GPIO_Init
 .text.MX_I2S2_Init
                0x0000000008000540       0x5c Core/Src/i2s.o
                0x0000000008000540                MX_I2S2_Init
 .text.HAL_I2S_MspInit
                0x000000000800059c       0x90 Core/Src/i2s.o
                0x000000000800059c                HAL_I2S_MspInit
 .text.main     0x000000000800062c       0x30 Core/Src/main.o
                0x000000000800062c                main
 .text._Z18SystemClock_Configv
                0x000000000800065c      0x124 Core/Src/main.o
                0x000000000800065c                SystemClock_Config()
 .text.Error_Handler
                0x0000000008000780        0xe Core/Src/main.o
                0x0000000008000780                Error_Handler
 *fill*         0x000000000800078e        0x2 
 .text.HAL_MspInit
                0x0000000008000790       0x50 Core/Src/stm32f4xx_hal_msp.o
                0x0000000008000790                HAL_MspInit
 .text.NMI_Handler
                0x00000000080007e0        0xe Core/Src/stm32f4xx_it.o
                0x00000000080007e0                NMI_Handler
 .text.HardFault_Handler
                0x00000000080007ee        0x6 Core/Src/stm32f4xx_it.o
                0x00000000080007ee                HardFault_Handler
 .text.MemManage_Handler
                0x00000000080007f4        0x6 Core/Src/stm32f4xx_it.o
                0x00000000080007f4                MemManage_Handler
 .text.BusFault_Handler
                0x00000000080007fa        0x6 Core/Src/stm32f4xx_it.o
                0x00000000080007fa                BusFault_Handler
 .text.UsageFault_Handler
                0x0000000008000800        0x6 Core/Src/stm32f4xx_it.o
                0x0000000008000800                UsageFault_Handler
 .text.SVC_Handler
                0x0000000008000806        0xe Core/Src/stm32f4xx_it.o
                0x0000000008000806                SVC_Handler
 .text.DebugMon_Handler
                0x0000000008000814        0xe Core/Src/stm32f4xx_it.o
                0x0000000008000814                DebugMon_Handler
 .text.PendSV_Handler
                0x0000000008000822        0xe Core/Src/stm32f4xx_it.o
                0x0000000008000822                PendSV_Handler
 .text.SysTick_Handler
                0x0000000008000830        0xc Core/Src/stm32f4xx_it.o
                0x0000000008000830                SysTick_Handler
 .text.SystemInit
                0x000000000800083c       0x2c Core/Src/system_stm32f4xx.o
                0x000000000800083c                SystemInit
 .text.Reset_Handler
                0x0000000008000868       0x50 Core/Startup/startup_stm32f401ccux.o
                0x0000000008000868                Reset_Handler
 .text.Default_Handler
                0x00000000080008b8        0x2 Core/Startup/startup_stm32f401ccux.o
                0x00000000080008b8                DMA1_Stream3_IRQHandler
                0x00000000080008b8                EXTI2_IRQHandler
                0x00000000080008b8                SPI4_IRQHandler
                0x00000000080008b8                TIM1_CC_IRQHandler
                0x00000000080008b8                DMA2_Stream5_IRQHandler
                0x00000000080008b8                DMA1_Stream5_IRQHandler
                0x00000000080008b8                PVD_IRQHandler
                0x00000000080008b8                SDIO_IRQHandler
                0x00000000080008b8                TAMP_STAMP_IRQHandler
                0x00000000080008b8                EXTI3_IRQHandler
                0x00000000080008b8                TIM1_UP_TIM10_IRQHandler
                0x00000000080008b8                I2C3_ER_IRQHandler
                0x00000000080008b8                EXTI0_IRQHandler
                0x00000000080008b8                I2C2_EV_IRQHandler
                0x00000000080008b8                DMA1_Stream2_IRQHandler
                0x00000000080008b8                FPU_IRQHandler
                0x00000000080008b8                DMA2_Stream2_IRQHandler
                0x00000000080008b8                SPI1_IRQHandler
                0x00000000080008b8                TIM1_BRK_TIM9_IRQHandler
                0x00000000080008b8                DMA2_Stream3_IRQHandler
                0x00000000080008b8                USART6_IRQHandler
                0x00000000080008b8                DMA2_Stream0_IRQHandler
                0x00000000080008b8                TIM4_IRQHandler
                0x00000000080008b8                I2C1_EV_IRQHandler
                0x00000000080008b8                DMA1_Stream6_IRQHandler
                0x00000000080008b8                DMA1_Stream1_IRQHandler
                0x00000000080008b8                TIM3_IRQHandler
                0x00000000080008b8                RCC_IRQHandler
                0x00000000080008b8                Default_Handler
                0x00000000080008b8                EXTI15_10_IRQHandler
                0x00000000080008b8                ADC_IRQHandler
                0x00000000080008b8                DMA1_Stream7_IRQHandler
                0x00000000080008b8                TIM5_IRQHandler
                0x00000000080008b8                DMA2_Stream7_IRQHandler
                0x00000000080008b8                I2C3_EV_IRQHandler
                0x00000000080008b8                EXTI9_5_IRQHandler
                0x00000000080008b8                RTC_WKUP_IRQHandler
                0x00000000080008b8                SPI2_IRQHandler
                0x00000000080008b8                DMA1_Stream0_IRQHandler
                0x00000000080008b8                EXTI4_IRQHandler
                0x00000000080008b8                WWDG_IRQHandler
                0x00000000080008b8                TIM2_IRQHandler
                0x00000000080008b8                OTG_FS_WKUP_IRQHandler
                0x00000000080008b8                TIM1_TRG_COM_TIM11_IRQHandler
                0x00000000080008b8                EXTI1_IRQHandler
                0x00000000080008b8                USART2_IRQHandler
                0x00000000080008b8                I2C2_ER_IRQHandler
                0x00000000080008b8                DMA2_Stream1_IRQHandler
                0x00000000080008b8                FLASH_IRQHandler
                0x00000000080008b8                DMA2_Stream4_IRQHandler
                0x00000000080008b8                USART1_IRQHandler
                0x00000000080008b8                OTG_FS_IRQHandler
                0x00000000080008b8                SPI3_IRQHandler
                0x00000000080008b8                DMA1_Stream4_IRQHandler
                0x00000000080008b8                I2C1_ER_IRQHandler
                0x00000000080008b8                DMA2_Stream6_IRQHandler
                0x00000000080008b8                RTC_Alarm_IRQHandler
 *fill*         0x00000000080008ba        0x2 
 .text.HAL_Init
                0x00000000080008bc       0x44 Drivers/STM32F4xx_HAL_Driver/Src/stm32f4xx_hal.o
                0x00000000080008bc                HAL_Init
 .text.HAL_InitTick
                0x0000000008000900       0x60 Drivers/STM32F4xx_HAL_Driver/Src/stm32f4xx_hal.o
                0x0000000008000900                HAL_InitTick
 .text.HAL_IncTick
                0x0000000008000960       0x28 Drivers/STM32F4xx_HAL_Driver/Src/stm32f4xx_hal.o
                0x0000000008000960                HAL_IncTick
 .text.HAL_GetTick
                0x0000000008000988       0x18 Drivers/STM32F4xx_HAL_Driver/Src/stm32f4xx_hal.o
                0x0000000008000988                HAL_GetTick
 .text.__NVIC_SetPriorityGrouping
                0x00000000080009a0       0x48 Drivers/STM32F4xx_HAL_Driver/Src/stm32f4xx_hal_cortex.o
 .text.__NVIC_GetPriorityGrouping
                0x00000000080009e8       0x1c Drivers/STM32F4xx_HAL_Driver/Src/stm32f4xx_hal_cortex.o
 .text.__NVIC_SetPriority
                0x0000000008000a04       0x54 Drivers/STM32F4xx_HAL_Driver/Src/stm32f4xx_hal_cortex.o
 .text.NVIC_EncodePriority
                0x0000000008000a58       0x66 Drivers/STM32F4xx_HAL_Driver/Src/stm32f4xx_hal_cortex.o
 *fill*         0x0000000008000abe        0x2 
 .text.SysTick_Config
                0x0000000008000ac0       0x44 Drivers/STM32F4xx_HAL_Driver/Src/stm32f4xx_hal_cortex.o
 .text.HAL_NVIC_SetPriorityGrouping
                0x0000000008000b04       0x16 Drivers/STM32F4xx_HAL_Driver/Src/stm32f4xx_hal_cortex.o
                0x0000000008000b04                HAL_NVIC_SetPriorityGrouping
 .text.HAL_NVIC_SetPriority
                0x0000000008000b1a       0x38 Drivers/STM32F4xx_HAL_Driver/Src/stm32f4xx_hal_cortex.o
                0x0000000008000b1a                HAL_NVIC_SetPriority
 .text.HAL_SYSTICK_Config
                0x0000000008000b52       0x18 Drivers/STM32F4xx_HAL_Driver/Src/stm32f4xx_hal_cortex.o
                0x0000000008000b52                HAL_SYSTICK_Config
 *fill*         0x0000000008000b6a        0x2 
 .text.HAL_GPIO_Init
                0x0000000008000b6c      0x304 Drivers/STM32F4xx_HAL_Driver/Src/stm32f4xx_hal_gpio.o
                0x0000000008000b6c                HAL_GPIO_Init
 .text.HAL_I2S_Init
                0x0000000008000e70      0x280 Drivers/STM32F4xx_HAL_Driver/Src/stm32f4xx_hal_i2s.o
                0x0000000008000e70                HAL_I2S_Init
 .text.HAL_I2S_Transmit
                0x00000000080010f0      0x1e2 Drivers/STM32F4xx_HAL_Driver/Src/stm32f4xx_hal_i2s.o
                0x00000000080010f0                HAL_I2S_Transmit
 .text.HAL_I2S_TxCpltCallback
                0x00000000080012d2       0x14 Drivers/STM32F4xx_HAL_Driver/Src/stm32f4xx_hal_i2s.o
                0x00000000080012d2                HAL_I2S_TxCpltCallback
 .text.HAL_I2S_RxCpltCallback
                0x00000000080012e6       0x14 Drivers/STM32F4xx_HAL_Driver/Src/stm32f4xx_hal_i2s.o
                0x00000000080012e6                HAL_I2S_RxCpltCallback
 .text.HAL_I2S_ErrorCallback
                0x00000000080012fa       0x14 Drivers/STM32F4xx_HAL_Driver/Src/stm32f4xx_hal_i2s.o
                0x00000000080012fa                HAL_I2S_ErrorCallback
 .text.I2S_Transmit_IT
                0x000000000800130e       0x5c Drivers/STM32F4xx_HAL_Driver/Src/stm32f4xx_hal_i2s.o
 .text.I2S_Receive_IT
                0x000000000800136a       0x5e Drivers/STM32F4xx_HAL_Driver/Src/stm32f4xx_hal_i2s.o
 .text.I2S_IRQHandler
                0x00000000080013c8      0x114 Drivers/STM32F4xx_HAL_Driver/Src/stm32f4xx_hal_i2s.o
 .text.I2S_WaitFlagStateUntilTimeout
                0x00000000080014dc       0x72 Drivers/STM32F4xx_HAL_Driver/Src/stm32f4xx_hal_i2s.o
 *fill*         0x000000000800154e        0x2 
 .text.HAL_I2SEx_FullDuplex_IRQHandler
                0x0000000008001550      0x2a8 Drivers/STM32F4xx_HAL_Driver/Src/stm32f4xx_hal_i2s_ex.o
                0x0000000008001550                HAL_I2SEx_FullDuplex_IRQHandler
 .text.HAL_I2SEx_TxRxCpltCallback
                0x00000000080017f8       0x14 Drivers/STM32F4xx_HAL_Driver/Src/stm32f4xx_hal_i2s_ex.o
                0x00000000080017f8                HAL_I2SEx_TxRxCpltCallback
 .text.I2SEx_TxISR_I2S
                0x000000000800180c       0x62 Drivers/STM32F4xx_HAL_Driver/Src/stm32f4xx_hal_i2s_ex.o
 *fill*         0x000000000800186e        0x2 
 .text.I2SEx_TxISR_I2SExt
                0x0000000008001870       0x98 Drivers/STM32F4xx_HAL_Driver/Src/stm32f4xx_hal_i2s_ex.o
 .text.I2SEx_RxISR_I2S
                0x0000000008001908       0x64 Drivers/STM32F4xx_HAL_Driver/Src/stm32f4xx_hal_i2s_ex.o
 .text.I2SEx_RxISR_I2SExt
                0x000000000800196c       0x98 Drivers/STM32F4xx_HAL_Driver/Src/stm32f4xx_hal_i2s_ex.o
 .text.HAL_RCC_OscConfig
                0x0000000008001a04      0x4e0 Drivers/STM32F4xx_HAL_Driver/Src/stm32f4xx_hal_rcc.o
                0x0000000008001a04                HAL_RCC_OscConfig
 .text.HAL_RCC_ClockConfig
                0x0000000008001ee4      0x1cc Drivers/STM32F4xx_HAL_Driver/Src/stm32f4xx_hal_rcc.o
                0x0000000008001ee4                HAL_RCC_ClockConfig
 .text.HAL_RCC_GetSysClockFreq
                0x00000000080020b0      0x164 Drivers/STM32F4xx_HAL_Driver/Src/stm32f4xx_hal_rcc.o
                0x00000000080020b0                HAL_RCC_GetSysClockFreq
 .text.HAL_RCCEx_PeriphCLKConfig
                0x0000000008002214      0x1dc Drivers/STM32F4xx_HAL_Driver/Src/stm32f4xx_hal_rcc_ex.o
                0x0000000008002214                HAL_RCCEx_PeriphCLKConfig
 .text.HAL_RCCEx_GetPeriphCLKFreq
                0x00000000080023f0       0xb8 Drivers/STM32F4xx_HAL_Driver/Src/stm32f4xx_hal_rcc_ex.o
                0x00000000080023f0                HAL_RCCEx_GetPeriphCLKFreq
 .text.__libc_init_array
                0x00000000080024a8       0x48 /Applications/STM32CubeIDE.app/Contents/Eclipse/plugins/com.st.stm32cube.ide.mcu.externaltools.gnu-tools-for-stm32.7-2018-q2-update.macos64_1.4.0.202007081208/tools/bin/../lib/gcc/arm-none-eabi/7.3.1/../../../../arm-none-eabi/lib/thumb/v7e-m/fpv4-sp/hard/libc_nano.a(lib_a-init.o)
                0x00000000080024a8                __libc_init_array
 .text.memset   0x00000000080024f0       0x10 /Applications/STM32CubeIDE.app/Contents/Eclipse/plugins/com.st.stm32cube.ide.mcu.externaltools.gnu-tools-for-stm32.7-2018-q2-update.macos64_1.4.0.202007081208/tools/bin/../lib/gcc/arm-none-eabi/7.3.1/../../../../arm-none-eabi/lib/thumb/v7e-m/fpv4-sp/hard/libc_nano.a(lib_a-memset.o)
                0x00000000080024f0                memset
 *(.glue_7)
 .glue_7        0x0000000008002500        0x0 linker stubs
 *(.glue_7t)
 .glue_7t       0x0000000008002500        0x0 linker stubs
 *(.eh_frame)
 .eh_frame      0x0000000008002500        0x0 /Applications/STM32CubeIDE.app/Contents/Eclipse/plugins/com.st.stm32cube.ide.mcu.externaltools.gnu-tools-for-stm32.7-2018-q2-update.macos64_1.4.0.202007081208/tools/bin/../lib/gcc/arm-none-eabi/7.3.1/thumb/v7e-m/fpv4-sp/hard/crtbegin.o
 *(.init)
 .init          0x0000000008002500        0x4 /Applications/STM32CubeIDE.app/Contents/Eclipse/plugins/com.st.stm32cube.ide.mcu.externaltools.gnu-tools-for-stm32.7-2018-q2-update.macos64_1.4.0.202007081208/tools/bin/../lib/gcc/arm-none-eabi/7.3.1/thumb/v7e-m/fpv4-sp/hard/crti.o
                0x0000000008002500                _init
 .init          0x0000000008002504        0x8 /Applications/STM32CubeIDE.app/Contents/Eclipse/plugins/com.st.stm32cube.ide.mcu.externaltools.gnu-tools-for-stm32.7-2018-q2-update.macos64_1.4.0.202007081208/tools/bin/../lib/gcc/arm-none-eabi/7.3.1/thumb/v7e-m/fpv4-sp/hard/crtn.o
 *(.fini)
 .fini          0x000000000800250c        0x4 /Applications/STM32CubeIDE.app/Contents/Eclipse/plugins/com.st.stm32cube.ide.mcu.externaltools.gnu-tools-for-stm32.7-2018-q2-update.macos64_1.4.0.202007081208/tools/bin/../lib/gcc/arm-none-eabi/7.3.1/thumb/v7e-m/fpv4-sp/hard/crti.o
                0x000000000800250c                _fini
 .fini          0x0000000008002510        0x8 /Applications/STM32CubeIDE.app/Contents/Eclipse/plugins/com.st.stm32cube.ide.mcu.externaltools.gnu-tools-for-stm32.7-2018-q2-update.macos64_1.4.0.202007081208/tools/bin/../lib/gcc/arm-none-eabi/7.3.1/thumb/v7e-m/fpv4-sp/hard/crtn.o
                0x0000000008002518                . = ALIGN (0x4)
                0x0000000008002518                _etext = .

.vfp11_veneer   0x0000000008002518        0x0
 .vfp11_veneer  0x0000000008002518        0x0 linker stubs

.v4_bx          0x0000000008002518        0x0
 .v4_bx         0x0000000008002518        0x0 linker stubs

.iplt           0x0000000008002518        0x0
 .iplt          0x0000000008002518        0x0 /Applications/STM32CubeIDE.app/Contents/Eclipse/plugins/com.st.stm32cube.ide.mcu.externaltools.gnu-tools-for-stm32.7-2018-q2-update.macos64_1.4.0.202007081208/tools/bin/../lib/gcc/arm-none-eabi/7.3.1/thumb/v7e-m/fpv4-sp/hard/crtbegin.o

.rodata         0x0000000008002518       0x10
                0x0000000008002518                . = ALIGN (0x4)
 *(.rodata)
 *(.rodata*)
 .rodata.AHBPrescTable
                0x0000000008002518       0x10 Core/Src/system_stm32f4xx.o
                0x0000000008002518                AHBPrescTable
                0x0000000008002528                . = ALIGN (0x4)

.ARM.extab      0x0000000008002528        0x0
                0x0000000008002528                . = ALIGN (0x4)
 *(.ARM.extab* .gnu.linkonce.armextab.*)
                0x0000000008002528                . = ALIGN (0x4)

.ARM            0x0000000008002528        0x8
                0x0000000008002528                . = ALIGN (0x4)
                0x0000000008002528                __exidx_start = .
 *(.ARM.exidx*)
 .ARM.exidx     0x0000000008002528        0x8 /Applications/STM32CubeIDE.app/Contents/Eclipse/plugins/com.st.stm32cube.ide.mcu.externaltools.gnu-tools-for-stm32.7-2018-q2-update.macos64_1.4.0.202007081208/tools/bin/../lib/gcc/arm-none-eabi/7.3.1/thumb/v7e-m/fpv4-sp/hard/libgcc.a(_udivmoddi4.o)
                0x0000000008002530                __exidx_end = .
                0x0000000008002530                . = ALIGN (0x4)

.rel.dyn        0x0000000008002530        0x0
 .rel.iplt      0x0000000008002530        0x0 /Applications/STM32CubeIDE.app/Contents/Eclipse/plugins/com.st.stm32cube.ide.mcu.externaltools.gnu-tools-for-stm32.7-2018-q2-update.macos64_1.4.0.202007081208/tools/bin/../lib/gcc/arm-none-eabi/7.3.1/thumb/v7e-m/fpv4-sp/hard/crtbegin.o

.preinit_array  0x0000000008002530        0x0
                0x0000000008002530                . = ALIGN (0x4)
                0x0000000008002530                PROVIDE (__preinit_array_start = .)
 *(.preinit_array*)
                0x0000000008002530                PROVIDE (__preinit_array_end = .)
                0x0000000008002530                . = ALIGN (0x4)

.init_array     0x0000000008002530        0x4
                0x0000000008002530                . = ALIGN (0x4)
                0x0000000008002530                PROVIDE (__init_array_start = .)
 *(SORT_BY_NAME(.init_array.*))
 *(.init_array*)
 .init_array    0x0000000008002530        0x4 /Applications/STM32CubeIDE.app/Contents/Eclipse/plugins/com.st.stm32cube.ide.mcu.externaltools.gnu-tools-for-stm32.7-2018-q2-update.macos64_1.4.0.202007081208/tools/bin/../lib/gcc/arm-none-eabi/7.3.1/thumb/v7e-m/fpv4-sp/hard/crtbegin.o
                0x0000000008002534                PROVIDE (__init_array_end = .)
                0x0000000008002534                . = ALIGN (0x4)

.fini_array     0x0000000008002534        0x4
                0x0000000008002534                . = ALIGN (0x4)
                [!provide]                        PROVIDE (__fini_array_start = .)
 *(SORT_BY_NAME(.fini_array.*))
 *(.fini_array*)
 .fini_array    0x0000000008002534        0x4 /Applications/STM32CubeIDE.app/Contents/Eclipse/plugins/com.st.stm32cube.ide.mcu.externaltools.gnu-tools-for-stm32.7-2018-q2-update.macos64_1.4.0.202007081208/tools/bin/../lib/gcc/arm-none-eabi/7.3.1/thumb/v7e-m/fpv4-sp/hard/crtbegin.o
                [!provide]                        PROVIDE (__fini_array_end = .)
                0x0000000008002538                . = ALIGN (0x4)
                0x0000000008002538                _sidata = LOADADDR (.data)

.data           0x0000000020000000      0x80c load address 0x0000000008002538
                0x0000000020000000                . = ALIGN (0x4)
                0x0000000020000000                _sdata = .
 *(.data)
 *(.data*)
 .data.sine     0x0000000020000000      0x800 Core/Src/main.o
                0x0000000020000000                sine
 .data.SystemCoreClock
                0x0000000020000800        0x4 Core/Src/system_stm32f4xx.o
                0x0000000020000800                SystemCoreClock
 .data.uwTickPrio
                0x0000000020000804        0x4 Drivers/STM32F4xx_HAL_Driver/Src/stm32f4xx_hal.o
                0x0000000020000804                uwTickPrio
 .data.uwTickFreq
                0x0000000020000808        0x1 Drivers/STM32F4xx_HAL_Driver/Src/stm32f4xx_hal.o
                0x0000000020000808                uwTickFreq
                0x000000002000080c                . = ALIGN (0x4)
 *fill*         0x0000000020000809        0x3 
                0x000000002000080c                _edata = .

.igot.plt       0x000000002000080c        0x0 load address 0x0000000008002d44
 .igot.plt      0x000000002000080c        0x0 /Applications/STM32CubeIDE.app/Contents/Eclipse/plugins/com.st.stm32cube.ide.mcu.externaltools.gnu-tools-for-stm32.7-2018-q2-update.macos64_1.4.0.202007081208/tools/bin/../lib/gcc/arm-none-eabi/7.3.1/thumb/v7e-m/fpv4-sp/hard/crtbegin.o
                0x000000002000080c                . = ALIGN (0x4)

.bss            0x000000002000080c       0x68 load address 0x0000000008002d44
                0x000000002000080c                _sbss = .
                0x000000002000080c                __bss_start__ = _sbss
 *(.bss)
 .bss           0x000000002000080c       0x1c /Applications/STM32CubeIDE.app/Contents/Eclipse/plugins/com.st.stm32cube.ide.mcu.externaltools.gnu-tools-for-stm32.7-2018-q2-update.macos64_1.4.0.202007081208/tools/bin/../lib/gcc/arm-none-eabi/7.3.1/thumb/v7e-m/fpv4-sp/hard/crtbegin.o
 *(.bss*)
 *(COMMON)
 COMMON         0x0000000020000828       0x48 Core/Src/i2s.o
                0x0000000020000828                hi2s2
 COMMON         0x0000000020000870        0x4 Drivers/STM32F4xx_HAL_Driver/Src/stm32f4xx_hal.o
                0x0000000020000870                uwTick
                0x0000000020000874                . = ALIGN (0x4)
                0x0000000020000874                _ebss = .
                0x0000000020000874                __bss_end__ = _ebss

._user_heap_stack
                0x0000000020000874      0x604 load address 0x0000000008002d44
                0x0000000020000878                . = ALIGN (0x8)
 *fill*         0x0000000020000874        0x4 
                [!provide]                        PROVIDE (end = .)
                0x0000000020000878                PROVIDE (_end = .)
                0x0000000020000a78                . = (. + _Min_Heap_Size)
 *fill*         0x0000000020000878      0x200 
                0x0000000020000e78                . = (. + _Min_Stack_Size)
 *fill*         0x0000000020000a78      0x400 
                0x0000000020000e78                . = ALIGN (0x8)

/DISCARD/
 libc.a(*)
 libm.a(*)
 libgcc.a(*)

.ARM.attributes
                0x0000000000000000       0x30
 *(.ARM.attributes)
 .ARM.attributes
                0x0000000000000000       0x22 /Applications/STM32CubeIDE.app/Contents/Eclipse/plugins/com.st.stm32cube.ide.mcu.externaltools.gnu-tools-for-stm32.7-2018-q2-update.macos64_1.4.0.202007081208/tools/bin/../lib/gcc/arm-none-eabi/7.3.1/thumb/v7e-m/fpv4-sp/hard/crti.o
 .ARM.attributes
                0x0000000000000022       0x34 /Applications/STM32CubeIDE.app/Contents/Eclipse/plugins/com.st.stm32cube.ide.mcu.externaltools.gnu-tools-for-stm32.7-2018-q2-update.macos64_1.4.0.202007081208/tools/bin/../lib/gcc/arm-none-eabi/7.3.1/thumb/v7e-m/fpv4-sp/hard/crtbegin.o
 .ARM.attributes
                0x0000000000000056       0x39 Core/Src/gpio.o
 .ARM.attributes
                0x000000000000008f       0x39 Core/Src/i2s.o
 .ARM.attributes
                0x00000000000000c8       0x39 Core/Src/main.o
 .ARM.attributes
                0x0000000000000101       0x39 Core/Src/stm32f4xx_hal_msp.o
 .ARM.attributes
                0x000000000000013a       0x39 Core/Src/stm32f4xx_it.o
 .ARM.attributes
                0x0000000000000173       0x39 Core/Src/system_stm32f4xx.o
 .ARM.attributes
                0x00000000000001ac       0x21 Core/Startup/startup_stm32f401ccux.o
 .ARM.attributes
                0x00000000000001cd       0x39 Drivers/STM32F4xx_HAL_Driver/Src/stm32f4xx_hal.o
 .ARM.attributes
                0x0000000000000206       0x39 Drivers/STM32F4xx_HAL_Driver/Src/stm32f4xx_hal_cortex.o
 .ARM.attributes
                0x000000000000023f       0x39 Drivers/STM32F4xx_HAL_Driver/Src/stm32f4xx_hal_gpio.o
 .ARM.attributes
                0x0000000000000278       0x39 Drivers/STM32F4xx_HAL_Driver/Src/stm32f4xx_hal_i2s.o
 .ARM.attributes
                0x00000000000002b1       0x39 Drivers/STM32F4xx_HAL_Driver/Src/stm32f4xx_hal_i2s_ex.o
 .ARM.attributes
                0x00000000000002ea       0x39 Drivers/STM32F4xx_HAL_Driver/Src/stm32f4xx_hal_rcc.o
 .ARM.attributes
                0x0000000000000323       0x39 Drivers/STM32F4xx_HAL_Driver/Src/stm32f4xx_hal_rcc_ex.o
 .ARM.attributes
                0x000000000000035c       0x34 /Applications/STM32CubeIDE.app/Contents/Eclipse/plugins/com.st.stm32cube.ide.mcu.externaltools.gnu-tools-for-stm32.7-2018-q2-update.macos64_1.4.0.202007081208/tools/bin/../lib/gcc/arm-none-eabi/7.3.1/../../../../arm-none-eabi/lib/thumb/v7e-m/fpv4-sp/hard/libc_nano.a(lib_a-init.o)
 .ARM.attributes
                0x0000000000000390       0x34 /Applications/STM32CubeIDE.app/Contents/Eclipse/plugins/com.st.stm32cube.ide.mcu.externaltools.gnu-tools-for-stm32.7-2018-q2-update.macos64_1.4.0.202007081208/tools/bin/../lib/gcc/arm-none-eabi/7.3.1/../../../../arm-none-eabi/lib/thumb/v7e-m/fpv4-sp/hard/libc_nano.a(lib_a-memset.o)
 .ARM.attributes
                0x00000000000003c4       0x22 /Applications/STM32CubeIDE.app/Contents/Eclipse/plugins/com.st.stm32cube.ide.mcu.externaltools.gnu-tools-for-stm32.7-2018-q2-update.macos64_1.4.0.202007081208/tools/bin/../lib/gcc/arm-none-eabi/7.3.1/thumb/v7e-m/fpv4-sp/hard/libgcc.a(_aeabi_uldivmod.o)
 .ARM.attributes
                0x00000000000003e6       0x34 /Applications/STM32CubeIDE.app/Contents/Eclipse/plugins/com.st.stm32cube.ide.mcu.externaltools.gnu-tools-for-stm32.7-2018-q2-update.macos64_1.4.0.202007081208/tools/bin/../lib/gcc/arm-none-eabi/7.3.1/thumb/v7e-m/fpv4-sp/hard/libgcc.a(_udivmoddi4.o)
 .ARM.attributes
                0x000000000000041a       0x22 /Applications/STM32CubeIDE.app/Contents/Eclipse/plugins/com.st.stm32cube.ide.mcu.externaltools.gnu-tools-for-stm32.7-2018-q2-update.macos64_1.4.0.202007081208/tools/bin/../lib/gcc/arm-none-eabi/7.3.1/thumb/v7e-m/fpv4-sp/hard/libgcc.a(_dvmd_tls.o)
 .ARM.attributes
                0x000000000000043c       0x22 /Applications/STM32CubeIDE.app/Contents/Eclipse/plugins/com.st.stm32cube.ide.mcu.externaltools.gnu-tools-for-stm32.7-2018-q2-update.macos64_1.4.0.202007081208/tools/bin/../lib/gcc/arm-none-eabi/7.3.1/thumb/v7e-m/fpv4-sp/hard/crtn.o
OUTPUT(pcm5102.elf elf32-littlearm)

.debug_info     0x0000000000000000     0x6af1
 .debug_info    0x0000000000000000      0x3a8 Core/Src/gpio.o
 .debug_info    0x00000000000003a8      0x9ae Core/Src/i2s.o
 .debug_info    0x0000000000000d56      0xb5c Core/Src/main.o
 .debug_info    0x00000000000018b2      0x38c Core/Src/stm32f4xx_hal_msp.o
 .debug_info    0x0000000000001c3e      0x20a Core/Src/stm32f4xx_it.o
 .debug_info    0x0000000000001e48      0x57e Core/Src/system_stm32f4xx.o
 .debug_info    0x00000000000023c6       0x22 Core/Startup/startup_stm32f401ccux.o
 .debug_info    0x00000000000023e8      0x8ce Drivers/STM32F4xx_HAL_Driver/Src/stm32f4xx_hal.o
 .debug_info    0x0000000000002cb6      0xd92 Drivers/STM32F4xx_HAL_Driver/Src/stm32f4xx_hal_cortex.o
 .debug_info    0x0000000000003a48      0x7d7 Drivers/STM32F4xx_HAL_Driver/Src/stm32f4xx_hal_gpio.o
 .debug_info    0x000000000000421f      0xe56 Drivers/STM32F4xx_HAL_Driver/Src/stm32f4xx_hal_i2s.o
 .debug_info    0x0000000000005075      0xb6e Drivers/STM32F4xx_HAL_Driver/Src/stm32f4xx_hal_i2s_ex.o
 .debug_info    0x0000000000005be3      0x929 Drivers/STM32F4xx_HAL_Driver/Src/stm32f4xx_hal_rcc.o
 .debug_info    0x000000000000650c      0x5e5 Drivers/STM32F4xx_HAL_Driver/Src/stm32f4xx_hal_rcc_ex.o

.debug_abbrev   0x0000000000000000     0x165b
 .debug_abbrev  0x0000000000000000      0x109 Core/Src/gpio.o
 .debug_abbrev  0x0000000000000109      0x199 Core/Src/i2s.o
 .debug_abbrev  0x00000000000002a2      0x1c1 Core/Src/main.o
 .debug_abbrev  0x0000000000000463      0x109 Core/Src/stm32f4xx_hal_msp.o
 .debug_abbrev  0x000000000000056c       0xc6 Core/Src/stm32f4xx_it.o
 .debug_abbrev  0x0000000000000632      0x12b Core/Src/system_stm32f4xx.o
 .debug_abbrev  0x000000000000075d       0x12 Core/Startup/startup_stm32f401ccux.o
 .debug_abbrev  0x000000000000076f      0x1f2 Drivers/STM32F4xx_HAL_Driver/Src/stm32f4xx_hal.o
 .debug_abbrev  0x0000000000000961      0x2fa Drivers/STM32F4xx_HAL_Driver/Src/stm32f4xx_hal_cortex.o
 .debug_abbrev  0x0000000000000c5b      0x1c9 Drivers/STM32F4xx_HAL_Driver/Src/stm32f4xx_hal_gpio.o
 .debug_abbrev  0x0000000000000e24      0x22a Drivers/STM32F4xx_HAL_Driver/Src/stm32f4xx_hal_i2s.o
 .debug_abbrev  0x000000000000104e      0x255 Drivers/STM32F4xx_HAL_Driver/Src/stm32f4xx_hal_i2s_ex.o
 .debug_abbrev  0x00000000000012a3      0x245 Drivers/STM32F4xx_HAL_Driver/Src/stm32f4xx_hal_rcc.o
 .debug_abbrev  0x00000000000014e8      0x173 Drivers/STM32F4xx_HAL_Driver/Src/stm32f4xx_hal_rcc_ex.o

.debug_aranges  0x0000000000000000      0x610
 .debug_aranges
                0x0000000000000000       0x20 Core/Src/gpio.o
 .debug_aranges
                0x0000000000000020       0x30 Core/Src/i2s.o
 .debug_aranges
                0x0000000000000050       0x30 Core/Src/main.o
 .debug_aranges
                0x0000000000000080       0x20 Core/Src/stm32f4xx_hal_msp.o
 .debug_aranges
                0x00000000000000a0       0x60 Core/Src/stm32f4xx_it.o
 .debug_aranges
                0x0000000000000100       0x28 Core/Src/system_stm32f4xx.o
 .debug_aranges
                0x0000000000000128       0x28 Core/Startup/startup_stm32f401ccux.o
 .debug_aranges
                0x0000000000000150       0xf0 Drivers/STM32F4xx_HAL_Driver/Src/stm32f4xx_hal.o
 .debug_aranges
                0x0000000000000240      0x118 Drivers/STM32F4xx_HAL_Driver/Src/stm32f4xx_hal_cortex.o
 .debug_aranges
                0x0000000000000358       0x58 Drivers/STM32F4xx_HAL_Driver/Src/stm32f4xx_hal_gpio.o
 .debug_aranges
                0x00000000000003b0      0x108 Drivers/STM32F4xx_HAL_Driver/Src/stm32f4xx_hal_i2s.o
 .debug_aranges
                0x00000000000004b8       0x88 Drivers/STM32F4xx_HAL_Driver/Src/stm32f4xx_hal_i2s_ex.o
 .debug_aranges
                0x0000000000000540       0x88 Drivers/STM32F4xx_HAL_Driver/Src/stm32f4xx_hal_rcc.o
 .debug_aranges
                0x00000000000005c8       0x48 Drivers/STM32F4xx_HAL_Driver/Src/stm32f4xx_hal_rcc_ex.o

.debug_ranges   0x0000000000000000      0x538
 .debug_ranges  0x0000000000000000       0x10 Core/Src/gpio.o
 .debug_ranges  0x0000000000000010       0x20 Core/Src/i2s.o
 .debug_ranges  0x0000000000000030       0x20 Core/Src/main.o
 .debug_ranges  0x0000000000000050       0x10 Core/Src/stm32f4xx_hal_msp.o
 .debug_ranges  0x0000000000000060       0x50 Core/Src/stm32f4xx_it.o
 .debug_ranges  0x00000000000000b0       0x18 Core/Src/system_stm32f4xx.o
 .debug_ranges  0x00000000000000c8       0x20 Core/Startup/startup_stm32f401ccux.o
 .debug_ranges  0x00000000000000e8       0xe0 Drivers/STM32F4xx_HAL_Driver/Src/stm32f4xx_hal.o
 .debug_ranges  0x00000000000001c8      0x108 Drivers/STM32F4xx_HAL_Driver/Src/stm32f4xx_hal_cortex.o
 .debug_ranges  0x00000000000002d0       0x48 Drivers/STM32F4xx_HAL_Driver/Src/stm32f4xx_hal_gpio.o
 .debug_ranges  0x0000000000000318       0xf8 Drivers/STM32F4xx_HAL_Driver/Src/stm32f4xx_hal_i2s.o
 .debug_ranges  0x0000000000000410       0x78 Drivers/STM32F4xx_HAL_Driver/Src/stm32f4xx_hal_i2s_ex.o
 .debug_ranges  0x0000000000000488       0x78 Drivers/STM32F4xx_HAL_Driver/Src/stm32f4xx_hal_rcc.o
 .debug_ranges  0x0000000000000500       0x38 Drivers/STM32F4xx_HAL_Driver/Src/stm32f4xx_hal_rcc_ex.o

.debug_macro    0x0000000000000000    0x169e2
 .debug_macro   0x0000000000000000      0x1dd Core/Src/gpio.o
 .debug_macro   0x00000000000001dd      0xa5a Core/Src/gpio.o
 .debug_macro   0x0000000000000c37      0x28e Core/Src/gpio.o
 .debug_macro   0x0000000000000ec5       0x2e Core/Src/gpio.o
 .debug_macro   0x0000000000000ef3       0x28 Core/Src/gpio.o
 .debug_macro   0x0000000000000f1b       0x22 Core/Src/gpio.o
 .debug_macro   0x0000000000000f3d       0x8e Core/Src/gpio.o
 .debug_macro   0x0000000000000fcb       0x51 Core/Src/gpio.o
 .debug_macro   0x000000000000101c       0xef Core/Src/gpio.o
 .debug_macro   0x000000000000110b       0x6a Core/Src/gpio.o
 .debug_macro   0x0000000000001175      0x1df Core/Src/gpio.o
 .debug_macro   0x0000000000001354       0x1c Core/Src/gpio.o
 .debug_macro   0x0000000000001370       0x22 Core/Src/gpio.o
 .debug_macro   0x0000000000001392       0xdf Core/Src/gpio.o
 .debug_macro   0x0000000000001471     0x102d Core/Src/gpio.o
 .debug_macro   0x000000000000249e      0x11f Core/Src/gpio.o
 .debug_macro   0x00000000000025bd     0xb850 Core/Src/gpio.o
 .debug_macro   0x000000000000de0d       0x43 Core/Src/gpio.o
 .debug_macro   0x000000000000de50     0x3659 Core/Src/gpio.o
 .debug_macro   0x00000000000114a9      0x174 Core/Src/gpio.o
 .debug_macro   0x000000000001161d       0x5a Core/Src/gpio.o
 .debug_macro   0x0000000000011677      0x416 Core/Src/gpio.o
 .debug_macro   0x0000000000011a8d      0x9fe Core/Src/gpio.o
 .debug_macro   0x000000000001248b      0x117 Core/Src/gpio.o
 .debug_macro   0x00000000000125a2       0xf8 Core/Src/gpio.o
 .debug_macro   0x000000000001269a       0x27 Core/Src/gpio.o
 .debug_macro   0x00000000000126c1      0x15f Core/Src/gpio.o
 .debug_macro   0x0000000000012820      0x287 Core/Src/gpio.o
 .debug_macro   0x0000000000012aa7       0x5f Core/Src/gpio.o
 .debug_macro   0x0000000000012b06      0x236 Core/Src/gpio.o
 .debug_macro   0x0000000000012d3c      0x132 Core/Src/gpio.o
 .debug_macro   0x0000000000012e6e      0x23a Core/Src/gpio.o
 .debug_macro   0x00000000000130a8       0x2e Core/Src/gpio.o
 .debug_macro   0x00000000000130d6      0x1a7 Core/Src/gpio.o
 .debug_macro   0x000000000001327d       0x46 Core/Src/gpio.o
 .debug_macro   0x00000000000132c3       0x4a Core/Src/gpio.o
 .debug_macro   0x000000000001330d      0x11a Core/Src/gpio.o
 .debug_macro   0x0000000000013427       0x85 Core/Src/gpio.o
 .debug_macro   0x00000000000134ac       0x89 Core/Src/gpio.o
 .debug_macro   0x0000000000013535      0x126 Core/Src/gpio.o
 .debug_macro   0x000000000001365b      0x1dd Core/Src/i2s.o
 .debug_macro   0x0000000000013838      0x1fa Core/Src/main.o
 .debug_macro   0x0000000000013a32      0xb2c Core/Src/main.o
 .debug_macro   0x000000000001455e       0x1c Core/Src/main.o
 .debug_macro   0x000000000001457a     0x102d Core/Src/main.o
 .debug_macro   0x00000000000155a7      0x17b Core/Src/main.o
 .debug_macro   0x0000000000015722      0x1d3 Core/Src/stm32f4xx_hal_msp.o
 .debug_macro   0x00000000000158f5      0x1dd Core/Src/stm32f4xx_it.o
 .debug_macro   0x0000000000015ad2      0x1cf Core/Src/system_stm32f4xx.o
 .debug_macro   0x0000000000015ca1      0x229 Drivers/STM32F4xx_HAL_Driver/Src/stm32f4xx_hal.o
 .debug_macro   0x0000000000015eca      0x1c9 Drivers/STM32F4xx_HAL_Driver/Src/stm32f4xx_hal_cortex.o
 .debug_macro   0x0000000000016093      0x1ff Drivers/STM32F4xx_HAL_Driver/Src/stm32f4xx_hal_gpio.o
 .debug_macro   0x0000000000016292      0x1d1 Drivers/STM32F4xx_HAL_Driver/Src/stm32f4xx_hal_i2s.o
 .debug_macro   0x0000000000016463      0x1c9 Drivers/STM32F4xx_HAL_Driver/Src/stm32f4xx_hal_i2s_ex.o
 .debug_macro   0x000000000001662c      0x1ed Drivers/STM32F4xx_HAL_Driver/Src/stm32f4xx_hal_rcc.o
 .debug_macro   0x0000000000016819      0x1c9 Drivers/STM32F4xx_HAL_Driver/Src/stm32f4xx_hal_rcc_ex.o

.debug_line     0x0000000000000000     0x73a0
 .debug_line    0x0000000000000000      0x6d6 Core/Src/gpio.o
 .debug_line    0x00000000000006d6      0x70a Core/Src/i2s.o
 .debug_line    0x0000000000000de0      0x737 Core/Src/main.o
 .debug_line    0x0000000000001517      0x6d9 Core/Src/stm32f4xx_hal_msp.o
 .debug_line    0x0000000000001bf0      0x77d Core/Src/stm32f4xx_it.o
 .debug_line    0x000000000000236d      0x6f4 Core/Src/system_stm32f4xx.o
 .debug_line    0x0000000000002a61       0x85 Core/Startup/startup_stm32f401ccux.o
 .debug_line    0x0000000000002ae6      0x8de Drivers/STM32F4xx_HAL_Driver/Src/stm32f4xx_hal.o
 .debug_line    0x00000000000033c4      0xa02 Drivers/STM32F4xx_HAL_Driver/Src/stm32f4xx_hal_cortex.o
 .debug_line    0x0000000000003dc6      0x881 Drivers/STM32F4xx_HAL_Driver/Src/stm32f4xx_hal_gpio.o
 .debug_line    0x0000000000004647      0xd7a Drivers/STM32F4xx_HAL_Driver/Src/stm32f4xx_hal_i2s.o
 .debug_line    0x00000000000053c1      0xea8 Drivers/STM32F4xx_HAL_Driver/Src/stm32f4xx_hal_i2s_ex.o
 .debug_line    0x0000000000006269      0x936 Drivers/STM32F4xx_HAL_Driver/Src/stm32f4xx_hal_rcc.o
 .debug_line    0x0000000000006b9f      0x801 Drivers/STM32F4xx_HAL_Driver/Src/stm32f4xx_hal_rcc_ex.o

.debug_str      0x0000000000000000    0x801e4
 .debug_str     0x0000000000000000    0x7dbd7 Core/Src/gpio.o
                                      0x7de6c (size before relaxing)
 .debug_str     0x000000000007dbd7      0x448 Core/Src/i2s.o
                                      0x7e356 (size before relaxing)
 .debug_str     0x000000000007e01f      0x936 Core/Src/main.o
                                      0x7eaf3 (size before relaxing)
 .debug_str     0x000000000007e955       0x2c Core/Src/stm32f4xx_hal_msp.o
                                      0x7de6e (size before relaxing)
 .debug_str     0x000000000007e981       0xbd Core/Src/stm32f4xx_it.o
                                      0x7ddea (size before relaxing)
 .debug_str     0x000000000007ea3e       0xc4 Core/Src/system_stm32f4xx.o
                                      0x7def5 (size before relaxing)
 .debug_str     0x000000000007eb02       0x36 Core/Startup/startup_stm32f401ccux.o
                                         0x6a (size before relaxing)
 .debug_str     0x000000000007eb38      0x8fd Drivers/STM32F4xx_HAL_Driver/Src/stm32f4xx_hal.o
                                      0x7e860 (size before relaxing)
 .debug_str     0x000000000007f435      0x399 Drivers/STM32F4xx_HAL_Driver/Src/stm32f4xx_hal_cortex.o
                                      0x7e63d (size before relaxing)
 .debug_str     0x000000000007f7ce      0x228 Drivers/STM32F4xx_HAL_Driver/Src/stm32f4xx_hal_gpio.o
                                      0x7e134 (size before relaxing)
 .debug_str     0x000000000007f9f6      0x291 Drivers/STM32F4xx_HAL_Driver/Src/stm32f4xx_hal_i2s.o
                                      0x7e497 (size before relaxing)
 .debug_str     0x000000000007fc87      0x1fc Drivers/STM32F4xx_HAL_Driver/Src/stm32f4xx_hal_i2s_ex.o
                                      0x7e3d5 (size before relaxing)
 .debug_str     0x000000000007fe83      0x24e Drivers/STM32F4xx_HAL_Driver/Src/stm32f4xx_hal_rcc.o
                                      0x7e2e2 (size before relaxing)
 .debug_str     0x00000000000800d1      0x113 Drivers/STM32F4xx_HAL_Driver/Src/stm32f4xx_hal_rcc_ex.o
                                      0x7e03b (size before relaxing)

.comment        0x0000000000000000       0x7b
 .comment       0x0000000000000000       0x7b Core/Src/gpio.o
                                         0x7c (size before relaxing)
 .comment       0x000000000000007b       0x7c Core/Src/i2s.o
 .comment       0x000000000000007b       0x7c Core/Src/main.o
 .comment       0x000000000000007b       0x7c Core/Src/stm32f4xx_hal_msp.o
 .comment       0x000000000000007b       0x7c Core/Src/stm32f4xx_it.o
 .comment       0x000000000000007b       0x7c Core/Src/system_stm32f4xx.o
 .comment       0x000000000000007b       0x7c Drivers/STM32F4xx_HAL_Driver/Src/stm32f4xx_hal.o
 .comment       0x000000000000007b       0x7c Drivers/STM32F4xx_HAL_Driver/Src/stm32f4xx_hal_cortex.o
 .comment       0x000000000000007b       0x7c Drivers/STM32F4xx_HAL_Driver/Src/stm32f4xx_hal_gpio.o
 .comment       0x000000000000007b       0x7c Drivers/STM32F4xx_HAL_Driver/Src/stm32f4xx_hal_i2s.o
 .comment       0x000000000000007b       0x7c Drivers/STM32F4xx_HAL_Driver/Src/stm32f4xx_hal_i2s_ex.o
 .comment       0x000000000000007b       0x7c Drivers/STM32F4xx_HAL_Driver/Src/stm32f4xx_hal_rcc.o
 .comment       0x000000000000007b       0x7c Drivers/STM32F4xx_HAL_Driver/Src/stm32f4xx_hal_rcc_ex.o

.debug_frame    0x0000000000000000     0x1640
 .debug_frame   0x0000000000000000       0x38 Core/Src/gpio.o
 .debug_frame   0x0000000000000038       0x74 Core/Src/i2s.o
 .debug_frame   0x00000000000000ac       0x70 Core/Src/main.o
 .debug_frame   0x000000000000011c       0x38 Core/Src/stm32f4xx_hal_msp.o
 .debug_frame   0x0000000000000154      0x10c Core/Src/stm32f4xx_it.o
 .debug_frame   0x0000000000000260       0x58 Core/Src/system_stm32f4xx.o
 .debug_frame   0x00000000000002b8      0x374 Drivers/STM32F4xx_HAL_Driver/Src/stm32f4xx_hal.o
 .debug_frame   0x000000000000062c      0x498 Drivers/STM32F4xx_HAL_Driver/Src/stm32f4xx_hal_cortex.o
 .debug_frame   0x0000000000000ac4      0x14c Drivers/STM32F4xx_HAL_Driver/Src/stm32f4xx_hal_gpio.o
 .debug_frame   0x0000000000000c10      0x484 Drivers/STM32F4xx_HAL_Driver/Src/stm32f4xx_hal_i2s.o
 .debug_frame   0x0000000000001094      0x220 Drivers/STM32F4xx_HAL_Driver/Src/stm32f4xx_hal_i2s_ex.o
 .debug_frame   0x00000000000012b4      0x1f0 Drivers/STM32F4xx_HAL_Driver/Src/stm32f4xx_hal_rcc.o
 .debug_frame   0x00000000000014a4       0xf0 Drivers/STM32F4xx_HAL_Driver/Src/stm32f4xx_hal_rcc_ex.o
 .debug_frame   0x0000000000001594       0x2c /Applications/STM32CubeIDE.app/Contents/Eclipse/plugins/com.st.stm32cube.ide.mcu.externaltools.gnu-tools-for-stm32.7-2018-q2-update.macos64_1.4.0.202007081208/tools/bin/../lib/gcc/arm-none-eabi/7.3.1/../../../../arm-none-eabi/lib/thumb/v7e-m/fpv4-sp/hard/libc_nano.a(lib_a-init.o)
 .debug_frame   0x00000000000015c0       0x20 /Applications/STM32CubeIDE.app/Contents/Eclipse/plugins/com.st.stm32cube.ide.mcu.externaltools.gnu-tools-for-stm32.7-2018-q2-update.macos64_1.4.0.202007081208/tools/bin/../lib/gcc/arm-none-eabi/7.3.1/../../../../arm-none-eabi/lib/thumb/v7e-m/fpv4-sp/hard/libc_nano.a(lib_a-memset.o)
 .debug_frame   0x00000000000015e0       0x2c /Applications/STM32CubeIDE.app/Contents/Eclipse/plugins/com.st.stm32cube.ide.mcu.externaltools.gnu-tools-for-stm32.7-2018-q2-update.macos64_1.4.0.202007081208/tools/bin/../lib/gcc/arm-none-eabi/7.3.1/thumb/v7e-m/fpv4-sp/hard/libgcc.a(_aeabi_uldivmod.o)
 .debug_frame   0x000000000000160c       0x34 /Applications/STM32CubeIDE.app/Contents/Eclipse/plugins/com.st.stm32cube.ide.mcu.externaltools.gnu-tools-for-stm32.7-2018-q2-update.macos64_1.4.0.202007081208/tools/bin/../lib/gcc/arm-none-eabi/7.3.1/thumb/v7e-m/fpv4-sp/hard/libgcc.a(_udivmoddi4.o)
