main.cpp:75:6:void make_sound(uint16_t)	24	static
main.cpp:91:5:int main()	8	static
main.cpp:144:6:void SystemClock_Config()	104	static
main.cpp:192:6:void HAL_TIM_PeriodElapsedCallback(TIM_HandleTypeDef*)	16	static
main.cpp:199:6:void HAL_I2S_TxHalfCpltCallback(I2S_HandleTypeDef*)	16	static
main.cpp:204:6:void HAL_I2S_TxCpltCallback(I2S_HandleTypeDef*)	16	static
main.cpp:214:6:void Error_Handler()	4	static
main.cpp:220:1:void __static_initialization_and_destruction_0(int, int)	16	static
main.cpp:220:1:cpp)	8	static
main.cpp:220:1:cpp)	8	static
